res_conv1_bn_b
res_conv1_bn_s
res4_4_branch2b_w
res3_1_branch2c_bn_s
res5_1_branch2b_w
res3_2_branch2a_w
res3_2_branch2c_w
res4_5_branch2a_w
res2_2_branch2a_bn_b
res2_2_branch2a_bn_s
res4_0_branch2b_w
res3_2_branch2a_bn_b
res4_4_branch2b_bn_b
res3_1_branch2c_bn_b
res4_4_branch2b_bn_s
res3_0_branch1_w
res4_1_branch2a_w
res4_1_branch2c_w
res4_5_branch2c_w
res3_3_branch2c_bn_b
res3_3_branch2c_bn_s
res5_1_branch2a_w
res4_5_branch2b_bn_b
res4_5_branch2b_bn_s
res4_4_branch2c_bn_b
res5_1_branch2c_w
res4_4_branch2a_w
res5_1_branch2b_bn_b
res5_1_branch2b_bn_s
res4_4_branch2c_w
res4_2_branch2c_bn_s
res4_2_branch2c_bn_b
res2_2_branch2a_w
res4_1_branch2a_bn_s
res2_1_branch2c_bn_b
res3_2_branch2b_bn_b
res3_1_branch2b_bn_s
res4_1_branch2a_bn_b
res4_4_branch2c_bn_s
res2_1_branch2c_bn_s
res3_2_branch2b_bn_s
res5_1_branch2c_bn_s
res5_1_branch2c_bn_b
res4_1_branch2b_bn_b
res2_0_branch2a_w
res4_1_branch2b_bn_s
res5_0_branch2b_w
res4_4_branch2a_bn_s
res4_2_branch2b_bn_s
res4_4_branch2a_bn_b
res4_2_branch2b_bn_b
res3_0_branch2a_bn_s
res3_0_branch2a_bn_b
res3_1_branch2a_bn_b
res3_1_branch2a_bn_s
res5_1_branch2a_bn_s
res5_1_branch2a_bn_b
res2_2_branch2b_w
res3_3_branch2a_bn_b
res3_3_branch2a_bn_s
res3_0_branch2b_w
res5_0_branch2c_w
res5_2_branch2a_w
res5_0_branch1_w
res2_2_branch2c_bn_b
res4_5_branch2c_bn_b
res4_3_branch2b_bn_s
res5_0_branch2a_w
res4_5_branch2c_bn_s
res4_3_branch2b_bn_b
res5_2_branch2b_w
res4_0_branch2c_bn_b
res3_3_branch2b_bn_s
res4_2_branch2a_w
res4_0_branch2c_bn_s
res3_3_branch2b_bn_b
conv1_w
res4_1_branch2c_bn_b
res4_1_branch2c_bn_s
res2_1_branch2c_w
res5_0_branch2a_bn_b
res3_1_branch2b_bn_b
res3_2_branch2a_bn_s
res5_0_branch2a_bn_s
res4_0_branch2b_bn_s
res4_2_branch2a_bn_b
res5_2_branch2b_bn_s
res4_3_branch2c_bn_s
res5_0_branch2b_bn_s
res4_2_branch2a_bn_s
res5_2_branch2b_bn_b
res4_3_branch2c_bn_b
res5_0_branch2b_bn_b
res5_2_branch2a_bn_b
res2_0_branch1_bn_s
res5_2_branch2a_bn_s
res2_0_branch1_bn_b
res4_0_branch1_bn_s
res2_0_branch2b_w
res4_0_branch1_bn_b
res4_2_branch2b_w
res3_0_branch1_bn_b
res3_0_branch1_bn_s
res4_0_branch2b_bn_b
res3_0_branch2c_bn_b
res5_0_branch2c_bn_s
res5_2_branch2c_w
res3_0_branch2c_bn_s
res5_0_branch2c_bn_b
res3_0_branch2c_w
res2_2_branch2c_w
res3_0_branch2a_w
res2_0_branch2a_bn_s
res4_3_branch2a_bn_b
res2_1_branch2a_bn_s
res3_2_branch2c_bn_b
res2_0_branch2a_bn_b
res2_1_branch2a_bn_b
res4_2_branch2c_w
res3_1_branch2b_w
res3_2_branch2c_bn_s
res3_3_branch2c_w
res2_0_branch2b_bn_b
res4_0_branch2a_bn_s
res3_3_branch2a_w
res2_0_branch2b_bn_s
res4_0_branch2a_bn_b
res2_0_branch2c_bn_b
res2_0_branch2c_bn_s
res4_3_branch2b_w
res3_0_branch2b_bn_b
res2_0_branch1_w
res3_0_branch2b_bn_s
res5_2_branch2c_bn_s
res2_0_branch2c_w
res5_2_branch2c_bn_b
res4_3_branch2a_bn_s
res3_2_branch2b_w
res2_1_branch2a_w
res4_0_branch1_w
res4_5_branch2b_w
res2_2_branch2b_bn_s
res2_2_branch2b_bn_b
res2_2_branch2c_bn_s
res5_0_branch1_bn_s
res4_0_branch2c_w
res2_1_branch2b_bn_b
res5_0_branch1_bn_b
res4_0_branch2a_w
res2_1_branch2b_bn_s
res3_1_branch2a_w
res2_1_branch2b_w
res3_1_branch2c_w
pred_b
res3_3_branch2b_w
pred_w
res4_3_branch2a_w
res4_1_branch2b_w
res4_3_branch2c_w
res4_5_branch2a_bn_s
res4_5_branch2a_bn_b
